[0.189s] DEBUG:colcon:Command line arguments: ['/usr/bin/colcon', 'build', '--symlink-install', '--packages-select', 'k9_stt_pkg']
[0.189s] DEBUG:colcon:Parsed command line arguments: Namespace(log_base=None, log_level=None, verb_name='build', build_base='build', install_base='install', merge_install=False, symlink_install=True, test_result_base=None, continue_on_error=False, executor='parallel', parallel_workers=8, event_handlers=None, ignore_user_meta=False, metas=['./colcon.meta'], base_paths=['.'], packages_ignore=None, packages_ignore_regex=None, paths=None, packages_up_to=None, packages_up_to_regex=None, packages_above=None, packages_above_and_dependencies=None, packages_above_depth=None, packages_select_by_dep=None, packages_skip_by_dep=None, packages_skip_up_to=None, packages_select_build_failed=False, packages_skip_build_finished=False, packages_select_test_failures=False, packages_skip_test_passed=False, packages_select=['k9_stt_pkg'], packages_skip=None, packages_select_regex=None, packages_skip_regex=None, packages_start=None, packages_end=None, allow_overriding=[], cmake_args=None, cmake_target=None, cmake_target_skip_unavailable=False, cmake_clean_cache=False, cmake_clean_first=False, cmake_force_configure=False, ament_cmake_args=None, catkin_cmake_args=None, catkin_skip_building_tests=False, mixin_files=None, mixin=None, verb_parser=<colcon_mixin.mixin.mixin_argument.MixinArgumentDecorator object at 0xffffb2f2e390>, verb_extension=<colcon_core.verb.build.BuildVerb object at 0xffffb2ed8ef0>, main=<bound method BuildVerb.main of <colcon_core.verb.build.BuildVerb object at 0xffffb2ed8ef0>>, mixin_verb=('build',))
[0.254s] Level 1:colcon.colcon_core.package_discovery:discover_packages(colcon_meta) check parameters
[0.254s] Level 1:colcon.colcon_core.package_discovery:discover_packages(recursive) check parameters
[0.254s] Level 1:colcon.colcon_core.package_discovery:discover_packages(ignore) check parameters
[0.254s] Level 1:colcon.colcon_core.package_discovery:discover_packages(path) check parameters
[0.254s] Level 1:colcon.colcon_core.package_discovery:discover_packages(colcon_meta) discover
[0.254s] Level 1:colcon.colcon_core.package_discovery:discover_packages(recursive) discover
[0.254s] INFO:colcon.colcon_core.package_discovery:Crawling recursively for packages in '/home/hopkira/k9_ws/src/k9_stt_pkg'
[0.255s] Level 1:colcon.colcon_core.package_identification:_identify(.) by extensions ['ignore', 'ignore_ament_install']
[0.255s] Level 1:colcon.colcon_core.package_identification:_identify(.) by extension 'ignore'
[0.255s] Level 1:colcon.colcon_core.package_identification:_identify(.) by extension 'ignore_ament_install'
[0.255s] Level 1:colcon.colcon_core.package_identification:_identify(.) by extensions ['colcon_pkg']
[0.255s] Level 1:colcon.colcon_core.package_identification:_identify(.) by extension 'colcon_pkg'
[0.255s] Level 1:colcon.colcon_core.package_identification:_identify(.) by extensions ['colcon_meta']
[0.255s] Level 1:colcon.colcon_core.package_identification:_identify(.) by extension 'colcon_meta'
[0.255s] Level 1:colcon.colcon_core.package_identification:_identify(.) by extensions ['ros']
[0.255s] Level 1:colcon.colcon_core.package_identification:_identify(.) by extension 'ros'
[0.302s] DEBUG:colcon.colcon_core.package_identification:Package '.' with type 'ros.ament_cmake' and name 'k9_stt_pkg'
[0.302s] Level 1:colcon.colcon_core.package_discovery:discover_packages(recursive) using defaults
[0.302s] Level 1:colcon.colcon_core.package_discovery:discover_packages(ignore) discover
[0.302s] Level 1:colcon.colcon_core.package_discovery:discover_packages(ignore) using defaults
[0.302s] Level 1:colcon.colcon_core.package_discovery:discover_packages(path) discover
[0.302s] Level 1:colcon.colcon_core.package_discovery:discover_packages(path) using defaults
[0.332s] Level 1:colcon.colcon_core.package_discovery:discover_packages(prefix_path) check parameters
[0.332s] Level 1:colcon.colcon_core.package_discovery:discover_packages(prefix_path) discover
[0.336s] DEBUG:colcon.colcon_installed_package_information.package_discovery:Found 11 installed packages in /home/hopkira/k9_ws/install
[0.338s] DEBUG:colcon.colcon_installed_package_information.package_discovery:Found 292 installed packages in /opt/ros/jazzy
[0.340s] Level 1:colcon.colcon_core.package_discovery:discover_packages(prefix_path) using defaults
[0.411s] Level 5:colcon.colcon_core.verb:set package 'k9_stt_pkg' build argument 'cmake_args' from command line to 'None'
[0.412s] Level 5:colcon.colcon_core.verb:set package 'k9_stt_pkg' build argument 'cmake_target' from command line to 'None'
[0.412s] Level 5:colcon.colcon_core.verb:set package 'k9_stt_pkg' build argument 'cmake_target_skip_unavailable' from command line to 'False'
[0.412s] Level 5:colcon.colcon_core.verb:set package 'k9_stt_pkg' build argument 'cmake_clean_cache' from command line to 'False'
[0.412s] Level 5:colcon.colcon_core.verb:set package 'k9_stt_pkg' build argument 'cmake_clean_first' from command line to 'False'
[0.412s] Level 5:colcon.colcon_core.verb:set package 'k9_stt_pkg' build argument 'cmake_force_configure' from command line to 'False'
[0.412s] Level 5:colcon.colcon_core.verb:set package 'k9_stt_pkg' build argument 'ament_cmake_args' from command line to 'None'
[0.412s] Level 5:colcon.colcon_core.verb:set package 'k9_stt_pkg' build argument 'catkin_cmake_args' from command line to 'None'
[0.412s] Level 5:colcon.colcon_core.verb:set package 'k9_stt_pkg' build argument 'catkin_skip_building_tests' from command line to 'False'
[0.412s] DEBUG:colcon.colcon_core.verb:Building package 'k9_stt_pkg' with the following arguments: {'ament_cmake_args': None, 'build_base': '/home/hopkira/k9_ws/src/k9_stt_pkg/build/k9_stt_pkg', 'catkin_cmake_args': None, 'catkin_skip_building_tests': False, 'cmake_args': None, 'cmake_clean_cache': False, 'cmake_clean_first': False, 'cmake_force_configure': False, 'cmake_target': None, 'cmake_target_skip_unavailable': False, 'install_base': '/home/hopkira/k9_ws/src/k9_stt_pkg/install/k9_stt_pkg', 'merge_install': False, 'path': '/home/hopkira/k9_ws/src/k9_stt_pkg', 'symlink_install': True, 'test_result_base': None}
[0.412s] INFO:colcon.colcon_core.executor:Executing jobs using 'parallel' executor
[0.414s] DEBUG:colcon.colcon_parallel_executor.executor.parallel:run_until_complete
[0.415s] INFO:colcon.colcon_ros.task.ament_cmake.build:Building ROS package in '/home/hopkira/k9_ws/src/k9_stt_pkg' with build type 'ament_cmake'
[0.415s] INFO:colcon.colcon_cmake.task.cmake.build:Building CMake package in '/home/hopkira/k9_ws/src/k9_stt_pkg'
[0.418s] INFO:colcon.colcon_core.plugin_system:Skipping extension 'colcon_core.shell.bat': Not used on non-Windows systems
[0.418s] INFO:colcon.colcon_core.shell:Skip shell extension 'powershell' for command environment: Not usable outside of PowerShell
[0.418s] DEBUG:colcon.colcon_core.shell:Skip shell extension 'dsv' for command environment
[0.434s] DEBUG:colcon.colcon_core.event_handler.log_command:Invoking command in '/home/hopkira/k9_ws/src/k9_stt_pkg/build/k9_stt_pkg': CMAKE_PREFIX_PATH=${CMAKE_PREFIX_PATH}:/home/hopkira/k9_ws/install/k9_system_pkg:/home/hopkira/k9_ws/install/k9_bt_pkg:/opt/ros/jazzy DEBUGINFOD_URLS=https://debuginfod.ubuntu.com /usr/bin/cmake /home/hopkira/k9_ws/src/k9_stt_pkg -DAMENT_CMAKE_SYMLINK_INSTALL=1 -DCMAKE_INSTALL_PREFIX=/home/hopkira/k9_ws/src/k9_stt_pkg/install/k9_stt_pkg
[2.432s] DEBUG:colcon.colcon_core.event_handler.log_command:Invoked command in '/home/hopkira/k9_ws/src/k9_stt_pkg/build/k9_stt_pkg' returned '0': CMAKE_PREFIX_PATH=${CMAKE_PREFIX_PATH}:/home/hopkira/k9_ws/install/k9_system_pkg:/home/hopkira/k9_ws/install/k9_bt_pkg:/opt/ros/jazzy DEBUGINFOD_URLS=https://debuginfod.ubuntu.com /usr/bin/cmake /home/hopkira/k9_ws/src/k9_stt_pkg -DAMENT_CMAKE_SYMLINK_INSTALL=1 -DCMAKE_INSTALL_PREFIX=/home/hopkira/k9_ws/src/k9_stt_pkg/install/k9_stt_pkg
[2.435s] DEBUG:colcon.colcon_core.event_handler.log_command:Invoking command in '/home/hopkira/k9_ws/src/k9_stt_pkg/build/k9_stt_pkg': CMAKE_PREFIX_PATH=${CMAKE_PREFIX_PATH}:/home/hopkira/k9_ws/install/k9_system_pkg:/home/hopkira/k9_ws/install/k9_bt_pkg:/opt/ros/jazzy DEBUGINFOD_URLS=https://debuginfod.ubuntu.com /usr/bin/cmake --build /home/hopkira/k9_ws/src/k9_stt_pkg/build/k9_stt_pkg -- -j8 -l8
[21.724s] DEBUG:colcon.colcon_core.event_handler.log_command:Invoked command in '/home/hopkira/k9_ws/src/k9_stt_pkg/build/k9_stt_pkg' returned '0': CMAKE_PREFIX_PATH=${CMAKE_PREFIX_PATH}:/home/hopkira/k9_ws/install/k9_system_pkg:/home/hopkira/k9_ws/install/k9_bt_pkg:/opt/ros/jazzy DEBUGINFOD_URLS=https://debuginfod.ubuntu.com /usr/bin/cmake --build /home/hopkira/k9_ws/src/k9_stt_pkg/build/k9_stt_pkg -- -j8 -l8
[21.745s] DEBUG:colcon.colcon_core.event_handler.log_command:Invoking command in '/home/hopkira/k9_ws/src/k9_stt_pkg/build/k9_stt_pkg': CMAKE_PREFIX_PATH=${CMAKE_PREFIX_PATH}:/home/hopkira/k9_ws/install/k9_system_pkg:/home/hopkira/k9_ws/install/k9_bt_pkg:/opt/ros/jazzy DEBUGINFOD_URLS=https://debuginfod.ubuntu.com /usr/bin/cmake --install /home/hopkira/k9_ws/src/k9_stt_pkg/build/k9_stt_pkg
[22.058s] Level 1:colcon.colcon_core.environment:create_environment_scripts_only(k9_stt_pkg)
[22.060s] DEBUG:colcon.colcon_core.event_handler.log_command:Invoked command in '/home/hopkira/k9_ws/src/k9_stt_pkg/build/k9_stt_pkg' returned '0': CMAKE_PREFIX_PATH=${CMAKE_PREFIX_PATH}:/home/hopkira/k9_ws/install/k9_system_pkg:/home/hopkira/k9_ws/install/k9_bt_pkg:/opt/ros/jazzy DEBUGINFOD_URLS=https://debuginfod.ubuntu.com /usr/bin/cmake --install /home/hopkira/k9_ws/src/k9_stt_pkg/build/k9_stt_pkg
[22.067s] Level 1:colcon.colcon_core.environment:checking '/home/hopkira/k9_ws/src/k9_stt_pkg/install/k9_stt_pkg' for CMake module files
[22.070s] Level 1:colcon.colcon_core.environment:checking '/home/hopkira/k9_ws/src/k9_stt_pkg/install/k9_stt_pkg' for CMake config files
[22.070s] Level 1:colcon.colcon_core.shell:create_environment_hook('k9_stt_pkg', 'cmake_prefix_path')
[22.071s] INFO:colcon.colcon_core.shell:Creating environment hook '/home/hopkira/k9_ws/src/k9_stt_pkg/install/k9_stt_pkg/share/k9_stt_pkg/hook/cmake_prefix_path.ps1'
[22.073s] INFO:colcon.colcon_core.shell:Creating environment descriptor '/home/hopkira/k9_ws/src/k9_stt_pkg/install/k9_stt_pkg/share/k9_stt_pkg/hook/cmake_prefix_path.dsv'
[22.075s] INFO:colcon.colcon_core.shell:Creating environment hook '/home/hopkira/k9_ws/src/k9_stt_pkg/install/k9_stt_pkg/share/k9_stt_pkg/hook/cmake_prefix_path.sh'
[22.077s] Level 1:colcon.colcon_core.environment:checking '/home/hopkira/k9_ws/src/k9_stt_pkg/install/k9_stt_pkg/lib'
[22.078s] Level 1:colcon.colcon_core.environment:checking '/home/hopkira/k9_ws/src/k9_stt_pkg/install/k9_stt_pkg/bin'
[22.078s] Level 1:colcon.colcon_core.environment:checking '/home/hopkira/k9_ws/src/k9_stt_pkg/install/k9_stt_pkg/lib/pkgconfig/k9_stt_pkg.pc'
[22.079s] Level 1:colcon.colcon_core.environment:checking '/home/hopkira/k9_ws/src/k9_stt_pkg/install/k9_stt_pkg/lib/python3.12/site-packages'
[22.081s] Level 1:colcon.colcon_core.environment:checking '/home/hopkira/k9_ws/src/k9_stt_pkg/install/k9_stt_pkg/bin'
[22.081s] INFO:colcon.colcon_core.shell:Creating package script '/home/hopkira/k9_ws/src/k9_stt_pkg/install/k9_stt_pkg/share/k9_stt_pkg/package.ps1'
[22.085s] INFO:colcon.colcon_core.shell:Creating package descriptor '/home/hopkira/k9_ws/src/k9_stt_pkg/install/k9_stt_pkg/share/k9_stt_pkg/package.dsv'
[22.086s] INFO:colcon.colcon_core.shell:Creating package script '/home/hopkira/k9_ws/src/k9_stt_pkg/install/k9_stt_pkg/share/k9_stt_pkg/package.sh'
[22.089s] INFO:colcon.colcon_core.shell:Creating package script '/home/hopkira/k9_ws/src/k9_stt_pkg/install/k9_stt_pkg/share/k9_stt_pkg/package.bash'
[22.091s] INFO:colcon.colcon_core.shell:Creating package script '/home/hopkira/k9_ws/src/k9_stt_pkg/install/k9_stt_pkg/share/k9_stt_pkg/package.zsh'
[22.092s] Level 1:colcon.colcon_core.environment:create_file_with_runtime_dependencies(/home/hopkira/k9_ws/src/k9_stt_pkg/install/k9_stt_pkg/share/colcon-core/packages/k9_stt_pkg)
[22.094s] Level 1:colcon.colcon_core.environment:create_environment_scripts_only(k9_stt_pkg)
[22.095s] Level 1:colcon.colcon_core.environment:checking '/home/hopkira/k9_ws/src/k9_stt_pkg/install/k9_stt_pkg' for CMake module files
[22.097s] Level 1:colcon.colcon_core.environment:checking '/home/hopkira/k9_ws/src/k9_stt_pkg/install/k9_stt_pkg' for CMake config files
[22.098s] Level 1:colcon.colcon_core.shell:create_environment_hook('k9_stt_pkg', 'cmake_prefix_path')
[22.098s] INFO:colcon.colcon_core.shell:Creating environment hook '/home/hopkira/k9_ws/src/k9_stt_pkg/install/k9_stt_pkg/share/k9_stt_pkg/hook/cmake_prefix_path.ps1'
[22.100s] INFO:colcon.colcon_core.shell:Creating environment descriptor '/home/hopkira/k9_ws/src/k9_stt_pkg/install/k9_stt_pkg/share/k9_stt_pkg/hook/cmake_prefix_path.dsv'
[22.101s] INFO:colcon.colcon_core.shell:Creating environment hook '/home/hopkira/k9_ws/src/k9_stt_pkg/install/k9_stt_pkg/share/k9_stt_pkg/hook/cmake_prefix_path.sh'
[22.103s] Level 1:colcon.colcon_core.environment:checking '/home/hopkira/k9_ws/src/k9_stt_pkg/install/k9_stt_pkg/lib'
[22.103s] Level 1:colcon.colcon_core.environment:checking '/home/hopkira/k9_ws/src/k9_stt_pkg/install/k9_stt_pkg/bin'
[22.103s] Level 1:colcon.colcon_core.environment:checking '/home/hopkira/k9_ws/src/k9_stt_pkg/install/k9_stt_pkg/lib/pkgconfig/k9_stt_pkg.pc'
[22.104s] Level 1:colcon.colcon_core.environment:checking '/home/hopkira/k9_ws/src/k9_stt_pkg/install/k9_stt_pkg/lib/python3.12/site-packages'
[22.105s] Level 1:colcon.colcon_core.environment:checking '/home/hopkira/k9_ws/src/k9_stt_pkg/install/k9_stt_pkg/bin'
[22.106s] INFO:colcon.colcon_core.shell:Creating package script '/home/hopkira/k9_ws/src/k9_stt_pkg/install/k9_stt_pkg/share/k9_stt_pkg/package.ps1'
[22.108s] INFO:colcon.colcon_core.shell:Creating package descriptor '/home/hopkira/k9_ws/src/k9_stt_pkg/install/k9_stt_pkg/share/k9_stt_pkg/package.dsv'
[22.109s] INFO:colcon.colcon_core.shell:Creating package script '/home/hopkira/k9_ws/src/k9_stt_pkg/install/k9_stt_pkg/share/k9_stt_pkg/package.sh'
[22.111s] INFO:colcon.colcon_core.shell:Creating package script '/home/hopkira/k9_ws/src/k9_stt_pkg/install/k9_stt_pkg/share/k9_stt_pkg/package.bash'
[22.112s] INFO:colcon.colcon_core.shell:Creating package script '/home/hopkira/k9_ws/src/k9_stt_pkg/install/k9_stt_pkg/share/k9_stt_pkg/package.zsh'
[22.114s] Level 1:colcon.colcon_core.environment:create_file_with_runtime_dependencies(/home/hopkira/k9_ws/src/k9_stt_pkg/install/k9_stt_pkg/share/colcon-core/packages/k9_stt_pkg)
[22.114s] DEBUG:colcon.colcon_parallel_executor.executor.parallel:closing loop
[22.115s] DEBUG:colcon.colcon_parallel_executor.executor.parallel:loop closed
[22.116s] DEBUG:colcon.colcon_parallel_executor.executor.parallel:run_until_complete finished with '0'
[22.116s] DEBUG:colcon.colcon_core.event_reactor:joining thread
[22.117s] DEBUG:colcon.colcon_core.event_reactor:joined thread
[22.117s] INFO:colcon.colcon_core.shell:Creating prefix script '/home/hopkira/k9_ws/src/k9_stt_pkg/install/local_setup.ps1'
[22.120s] INFO:colcon.colcon_core.shell:Creating prefix util module '/home/hopkira/k9_ws/src/k9_stt_pkg/install/_local_setup_util_ps1.py'
[22.124s] INFO:colcon.colcon_core.shell:Creating prefix chain script '/home/hopkira/k9_ws/src/k9_stt_pkg/install/setup.ps1'
[22.129s] INFO:colcon.colcon_core.shell:Creating prefix script '/home/hopkira/k9_ws/src/k9_stt_pkg/install/local_setup.sh'
[22.130s] INFO:colcon.colcon_core.shell:Creating prefix util module '/home/hopkira/k9_ws/src/k9_stt_pkg/install/_local_setup_util_sh.py'
[22.132s] INFO:colcon.colcon_core.shell:Creating prefix chain script '/home/hopkira/k9_ws/src/k9_stt_pkg/install/setup.sh'
[22.137s] INFO:colcon.colcon_core.shell:Creating prefix script '/home/hopkira/k9_ws/src/k9_stt_pkg/install/local_setup.bash'
[22.138s] INFO:colcon.colcon_core.shell:Creating prefix chain script '/home/hopkira/k9_ws/src/k9_stt_pkg/install/setup.bash'
[22.142s] INFO:colcon.colcon_core.shell:Creating prefix script '/home/hopkira/k9_ws/src/k9_stt_pkg/install/local_setup.zsh'
[22.144s] INFO:colcon.colcon_core.shell:Creating prefix chain script '/home/hopkira/k9_ws/src/k9_stt_pkg/install/setup.zsh'
