-- The C compiler identification is GNU 13.3.0
-- The CXX compiler identification is GNU 13.3.0
-- Detecting C compiler ABI info
-- Detecting C compiler ABI info - done
-- Check for working C compiler: /usr/bin/cc - skipped
-- Detecting C compile features
-- Detecting C compile features - done
-- Detecting CXX compiler ABI info
-- Detecting CXX compiler ABI info - done
-- Check for working CXX compiler: /usr/bin/c++ - skipped
-- Detecting CXX compile features
-- Detecting CXX compile features - done
-- Found ament_cmake: 2.5.6 (/opt/ros/jazzy/share/ament_cmake/cmake)
-- Found Python3: /usr/bin/python3 (found version "3.12.3") found components: Interpreter 
-- Override CMake install command with custom implementation using symlinks instead of copying resources
-- Found rclcpp: 28.1.21 (/opt/ros/jazzy/share/rclcpp/cmake)
-- Found rosidl_generator_c: 4.6.9 (/opt/ros/jazzy/share/rosidl_generator_c/cmake)
-- Found rosidl_generator_cpp: 4.6.9 (/opt/ros/jazzy/share/rosidl_generator_cpp/cmake)
-- Using all available rosidl_typesupport_c: rosidl_typesupport_fastrtps_c;rosidl_typesupport_introspection_c
-- Using all available rosidl_typesupport_cpp: rosidl_typesupport_fastrtps_cpp;rosidl_typesupport_introspection_cpp
-- Found rmw_implementation_cmake: 7.3.3 (/opt/ros/jazzy/share/rmw_implementation_cmake/cmake)
-- Found rmw_cyclonedds_cpp: 2.2.3 (/opt/ros/jazzy/share/rmw_cyclonedds_cpp/cmake)
-- Using RMW implementation 'rmw_cyclonedds_cpp' as default
-- Found std_msgs: 5.3.8 (/opt/ros/jazzy/share/std_msgs/cmake)
-- Found k9_interfaces_pkg: 0.0.0 (/home/hopkira/k9_ws/install/k9_interfaces_pkg/share/k9_interfaces_pkg/cmake)
-- Configuring done (1.9s)
-- Generating done (0.0s)
-- Build files have been written to: /home/hopkira/k9_ws/src/k9_stt_pkg/build/k9_stt_pkg
[ 50%] [32mBuilding CXX object CMakeFiles/k9_stt.dir/src/k9_stt.cpp.o[0m
[100%] [32m[1mLinking CXX executable k9_stt[0m
[100%] Built target k9_stt
-- Install configuration: ""
-- Execute custom install script
-- Symlinking: /home/hopkira/k9_ws/src/k9_stt_pkg/install/k9_stt_pkg/lib/k9_stt_pkg/k9_stt
-- Symlinking: /home/hopkira/k9_ws/src/k9_stt_pkg/install/k9_stt_pkg/share/k9_stt_pkg/launch/stt.launch.py
-- Symlinking: /home/hopkira/k9_ws/src/k9_stt_pkg/install/k9_stt_pkg/share/ament_index/resource_index/package_run_dependencies/k9_stt_pkg
-- Symlinking: /home/hopkira/k9_ws/src/k9_stt_pkg/install/k9_stt_pkg/share/ament_index/resource_index/parent_prefix_path/k9_stt_pkg
-- Symlinking: /home/hopkira/k9_ws/src/k9_stt_pkg/install/k9_stt_pkg/share/k9_stt_pkg/environment/ament_prefix_path.sh
-- Symlinking: /home/hopkira/k9_ws/src/k9_stt_pkg/install/k9_stt_pkg/share/k9_stt_pkg/environment/ament_prefix_path.dsv
-- Symlinking: /home/hopkira/k9_ws/src/k9_stt_pkg/install/k9_stt_pkg/share/k9_stt_pkg/environment/path.sh
-- Symlinking: /home/hopkira/k9_ws/src/k9_stt_pkg/install/k9_stt_pkg/share/k9_stt_pkg/environment/path.dsv
-- Symlinking: /home/hopkira/k9_ws/src/k9_stt_pkg/install/k9_stt_pkg/share/k9_stt_pkg/local_setup.bash
-- Symlinking: /home/hopkira/k9_ws/src/k9_stt_pkg/install/k9_stt_pkg/share/k9_stt_pkg/local_setup.sh
-- Symlinking: /home/hopkira/k9_ws/src/k9_stt_pkg/install/k9_stt_pkg/share/k9_stt_pkg/local_setup.zsh
-- Symlinking: /home/hopkira/k9_ws/src/k9_stt_pkg/install/k9_stt_pkg/share/k9_stt_pkg/local_setup.dsv
-- Symlinking: /home/hopkira/k9_ws/src/k9_stt_pkg/install/k9_stt_pkg/share/k9_stt_pkg/package.dsv
-- Symlinking: /home/hopkira/k9_ws/src/k9_stt_pkg/install/k9_stt_pkg/share/ament_index/resource_index/packages/k9_stt_pkg
-- Symlinking: /home/hopkira/k9_ws/src/k9_stt_pkg/install/k9_stt_pkg/share/k9_stt_pkg/cmake/k9_stt_pkgConfig.cmake
-- Symlinking: /home/hopkira/k9_ws/src/k9_stt_pkg/install/k9_stt_pkg/share/k9_stt_pkg/cmake/k9_stt_pkgConfig-version.cmake
-- Symlinking: /home/hopkira/k9_ws/src/k9_stt_pkg/install/k9_stt_pkg/share/k9_stt_pkg/package.xml
