[0.018s] Invoking command in '/home/hopkira/k9_ws/src/k9_stt_pkg/build/k9_stt_pkg': CMAKE_PREFIX_PATH=${CMAKE_PREFIX_PATH}:/home/hopkira/k9_ws/install/k9_system_pkg:/home/hopkira/k9_ws/install/k9_bt_pkg:/opt/ros/jazzy DEBUGINFOD_URLS=https://debuginfod.ubuntu.com /usr/bin/cmake /home/hopkira/k9_ws/src/k9_stt_pkg -DAMENT_CMAKE_SYMLINK_INSTALL=1 -DCMAKE_INSTALL_PREFIX=/home/hopkira/k9_ws/src/k9_stt_pkg/install/k9_stt_pkg
[0.112s] -- The C compiler identification is GNU 13.3.0
[0.211s] -- The CXX compiler identification is GNU 13.3.0
[0.251s] -- Detecting C compiler ABI info
[0.415s] -- Detecting C compiler ABI info - done
[0.451s] -- Check for working C compiler: /usr/bin/cc - skipped
[0.452s] -- Detecting C compile features
[0.454s] -- Detecting C compile features - done
[0.473s] -- Detecting CXX compiler ABI info
[0.661s] -- Detecting CXX compiler ABI info - done
[0.697s] -- Check for working CXX compiler: /usr/bin/c++ - skipped
[0.698s] -- Detecting CXX compile features
[0.700s] -- Detecting CXX compile features - done
[0.709s] -- Found ament_cmake: 2.5.6 (/opt/ros/jazzy/share/ament_cmake/cmake)
[1.001s] -- Found Python3: /usr/bin/python3 (found version "3.12.3") found components: Interpreter 
[1.143s] -- Override CMake install command with custom implementation using symlinks instead of copying resources
[1.238s] -- Found rclcpp: 28.1.21 (/opt/ros/jazzy/share/rclcpp/cmake)
[1.317s] -- Found rosidl_generator_c: 4.6.9 (/opt/ros/jazzy/share/rosidl_generator_c/cmake)
[1.338s] -- Found rosidl_generator_cpp: 4.6.9 (/opt/ros/jazzy/share/rosidl_generator_cpp/cmake)
[1.363s] -- Using all available rosidl_typesupport_c: rosidl_typesupport_fastrtps_c;rosidl_typesupport_introspection_c
[1.390s] -- Using all available rosidl_typesupport_cpp: rosidl_typesupport_fastrtps_cpp;rosidl_typesupport_introspection_cpp
[1.499s] -- Found rmw_implementation_cmake: 7.3.3 (/opt/ros/jazzy/share/rmw_implementation_cmake/cmake)
[1.504s] -- Found rmw_cyclonedds_cpp: 2.2.3 (/opt/ros/jazzy/share/rmw_cyclonedds_cpp/cmake)
[1.548s] -- Using RMW implementation 'rmw_cyclonedds_cpp' as default
[1.647s] -- Found std_msgs: 5.3.8 (/opt/ros/jazzy/share/std_msgs/cmake)
[1.666s] -- Found k9_interfaces_pkg: 0.0.0 (/home/hopkira/k9_ws/install/k9_interfaces_pkg/share/k9_interfaces_pkg/cmake)
[1.971s] -- Configuring done (1.9s)
[1.991s] -- Generating done (0.0s)
[1.997s] -- Build files have been written to: /home/hopkira/k9_ws/src/k9_stt_pkg/build/k9_stt_pkg
[2.017s] Invoked command in '/home/hopkira/k9_ws/src/k9_stt_pkg/build/k9_stt_pkg' returned '0': CMAKE_PREFIX_PATH=${CMAKE_PREFIX_PATH}:/home/hopkira/k9_ws/install/k9_system_pkg:/home/hopkira/k9_ws/install/k9_bt_pkg:/opt/ros/jazzy DEBUGINFOD_URLS=https://debuginfod.ubuntu.com /usr/bin/cmake /home/hopkira/k9_ws/src/k9_stt_pkg -DAMENT_CMAKE_SYMLINK_INSTALL=1 -DCMAKE_INSTALL_PREFIX=/home/hopkira/k9_ws/src/k9_stt_pkg/install/k9_stt_pkg
[2.020s] Invoking command in '/home/hopkira/k9_ws/src/k9_stt_pkg/build/k9_stt_pkg': CMAKE_PREFIX_PATH=${CMAKE_PREFIX_PATH}:/home/hopkira/k9_ws/install/k9_system_pkg:/home/hopkira/k9_ws/install/k9_bt_pkg:/opt/ros/jazzy DEBUGINFOD_URLS=https://debuginfod.ubuntu.com /usr/bin/cmake --build /home/hopkira/k9_ws/src/k9_stt_pkg/build/k9_stt_pkg -- -j8 -l8
[2.116s] [ 50%] [32mBuilding CXX object CMakeFiles/k9_stt.dir/src/k9_stt.cpp.o[0m
[20.381s] [100%] [32m[1mLinking CXX executable k9_stt[0m
[21.272s] [100%] Built target k9_stt
[21.309s] Invoked command in '/home/hopkira/k9_ws/src/k9_stt_pkg/build/k9_stt_pkg' returned '0': CMAKE_PREFIX_PATH=${CMAKE_PREFIX_PATH}:/home/hopkira/k9_ws/install/k9_system_pkg:/home/hopkira/k9_ws/install/k9_bt_pkg:/opt/ros/jazzy DEBUGINFOD_URLS=https://debuginfod.ubuntu.com /usr/bin/cmake --build /home/hopkira/k9_ws/src/k9_stt_pkg/build/k9_stt_pkg -- -j8 -l8
[21.330s] Invoking command in '/home/hopkira/k9_ws/src/k9_stt_pkg/build/k9_stt_pkg': CMAKE_PREFIX_PATH=${CMAKE_PREFIX_PATH}:/home/hopkira/k9_ws/install/k9_system_pkg:/home/hopkira/k9_ws/install/k9_bt_pkg:/opt/ros/jazzy DEBUGINFOD_URLS=https://debuginfod.ubuntu.com /usr/bin/cmake --install /home/hopkira/k9_ws/src/k9_stt_pkg/build/k9_stt_pkg
[21.345s] -- Install configuration: ""
[21.346s] -- Execute custom install script
[21.346s] -- Symlinking: /home/hopkira/k9_ws/src/k9_stt_pkg/install/k9_stt_pkg/lib/k9_stt_pkg/k9_stt
[21.364s] -- Symlinking: /home/hopkira/k9_ws/src/k9_stt_pkg/install/k9_stt_pkg/share/k9_stt_pkg/launch/stt.launch.py
[21.382s] -- Symlinking: /home/hopkira/k9_ws/src/k9_stt_pkg/install/k9_stt_pkg/share/ament_index/resource_index/package_run_dependencies/k9_stt_pkg
[21.400s] -- Symlinking: /home/hopkira/k9_ws/src/k9_stt_pkg/install/k9_stt_pkg/share/ament_index/resource_index/parent_prefix_path/k9_stt_pkg
[21.416s] -- Symlinking: /home/hopkira/k9_ws/src/k9_stt_pkg/install/k9_stt_pkg/share/k9_stt_pkg/environment/ament_prefix_path.sh
[21.434s] -- Symlinking: /home/hopkira/k9_ws/src/k9_stt_pkg/install/k9_stt_pkg/share/k9_stt_pkg/environment/ament_prefix_path.dsv
[21.452s] -- Symlinking: /home/hopkira/k9_ws/src/k9_stt_pkg/install/k9_stt_pkg/share/k9_stt_pkg/environment/path.sh
[21.468s] -- Symlinking: /home/hopkira/k9_ws/src/k9_stt_pkg/install/k9_stt_pkg/share/k9_stt_pkg/environment/path.dsv
[21.485s] -- Symlinking: /home/hopkira/k9_ws/src/k9_stt_pkg/install/k9_stt_pkg/share/k9_stt_pkg/local_setup.bash
[21.501s] -- Symlinking: /home/hopkira/k9_ws/src/k9_stt_pkg/install/k9_stt_pkg/share/k9_stt_pkg/local_setup.sh
[21.518s] -- Symlinking: /home/hopkira/k9_ws/src/k9_stt_pkg/install/k9_stt_pkg/share/k9_stt_pkg/local_setup.zsh
[21.534s] -- Symlinking: /home/hopkira/k9_ws/src/k9_stt_pkg/install/k9_stt_pkg/share/k9_stt_pkg/local_setup.dsv
[21.551s] -- Symlinking: /home/hopkira/k9_ws/src/k9_stt_pkg/install/k9_stt_pkg/share/k9_stt_pkg/package.dsv
[21.569s] -- Symlinking: /home/hopkira/k9_ws/src/k9_stt_pkg/install/k9_stt_pkg/share/ament_index/resource_index/packages/k9_stt_pkg
[21.586s] -- Symlinking: /home/hopkira/k9_ws/src/k9_stt_pkg/install/k9_stt_pkg/share/k9_stt_pkg/cmake/k9_stt_pkgConfig.cmake
[21.603s] -- Symlinking: /home/hopkira/k9_ws/src/k9_stt_pkg/install/k9_stt_pkg/share/k9_stt_pkg/cmake/k9_stt_pkgConfig-version.cmake
[21.623s] -- Symlinking: /home/hopkira/k9_ws/src/k9_stt_pkg/install/k9_stt_pkg/share/k9_stt_pkg/package.xml
[21.645s] Invoked command in '/home/hopkira/k9_ws/src/k9_stt_pkg/build/k9_stt_pkg' returned '0': CMAKE_PREFIX_PATH=${CMAKE_PREFIX_PATH}:/home/hopkira/k9_ws/install/k9_system_pkg:/home/hopkira/k9_ws/install/k9_bt_pkg:/opt/ros/jazzy DEBUGINFOD_URLS=https://debuginfod.ubuntu.com /usr/bin/cmake --install /home/hopkira/k9_ws/src/k9_stt_pkg/build/k9_stt_pkg
